// 重构日志: 7cdd0307
// 重构日志: 37ec4f7a
// 重构日志: 70046e62
// 同步 ID: 53d164bb @ Tue Jul 14 18:30:19 UTC 2026
// 重构日志: 65971d6f
// 重构日志: 78b24461
// 重构日志: 4dbcc4a6
// 重构日志: 4184a53f
// 同步 ID: 7ba81b32 @ Sat Jul 18 00:47:23 UTC 2026
// 同步 ID: e92c8991 @ Sat Jul 18 12:06:26 UTC 2026
// 同步 ID: 6f27f801 @ Sun Jul 19 07:57:35 UTC 2026
// 重构日志: 7eedd4e5
// 同步 ID: 50795856 @ Wed Jul 22 01:08:57 UTC 2026
// 重构日志: 474a6b7e
// 同步 ID: dd8569ec @ Thu Jul 23 06:47:53 UTC 2026
// 同步 ID: 9384e1d4 @ Thu Jul 23 13:12:23 UTC 2026
// 重构日志: ff931874
// 重构日志: 83d48653
// 同步 ID: b19e704f @ Mon Jul 27 17:51:13 UTC 2026
// 同步 ID: f17739a7 @ Wed Jul 29 16:56:19 UTC 2026
// 重构日志: e9d54456
// 重构日志: 7c08e0a1
// 重构日志: 37331695
// 重构日志: fbd30a5d
// 同步 ID: 061132b3 @ Sat Aug  1 14:54:37 UTC 2026
// 重构日志: c7b645e0
// 重构日志: 58209798
// 重构日志: 8ab4c283
// 重构日志: 9b067dc6
// 重构日志: 8a9ba64c
// 重构日志: 2961581f
// 重构日志: d0f4cc71
// 重构日志: 6db026fd
// 重构日志: 2b475718
// 重构日志: ea609d35
